# CPUS=1 timeout=120.0
# commands=['btreebench 40 10 300 1 mixed 1']
qemu-system-riscv64 -machine virt -bios none -kernel kernel/kernel -m 128M -smp 1 -nographic -global virtio-mmio.force-legacy=false -drive file=fs.img,if=none,format=raw,id=x0 -device virtio-blk-device,drive=x0,bus=virtio-mmio-bus.0

xv6 kernel is booting

init: starting sh
$ 
# RUN btreebench 40 10 300 1 mixed 1
btreebench 40 10 300 1 mixed 1

== btreebench: setup ==

== btreebench: workload ==
TRACEHDR workload=btreebench params=see RESULT lines below for full parameters (footprint/margin/op_count/mix) seed=1 resident_limit=14 arena_cache_budget=10 policy=0 prefetch_enabled=0 arena_start_vpn=7 arena_pages=40
T 7
T 7
T 7
T 7
T 7
T 7
T 7
T 7
T 7
T 7
T 7
T 7
T 7
T 7
T 7
T 7
T 7
T 7
T 7
T 7
T 7
T 7
T 7
T 7
T 7
T 7
T 7
T 7
T 7
T 7
T 7
T 7
T 7
T 7
T 7
T 7
T 7
T 7
T 7
T 7
T 7
T 7
T 7
T 7
T 7
T 8
T 9
T 9
T 7
T 7
T 8
T 9
T 7
T 9
T 7
T 7
T 9
T 7
T 9
T 7
T 9
T 7
T 7
T 9
T 7
T 7
T 9
T 7
T 9
T 7
T 7
T 9
T 8
T 9
T 7
T 7
T 9
T 7
T 7
T 9
T 8
T 8
T 9
T 7
T 9
T 7
T 7
T 9
T 7
T 7
T 9
T 7
T 9
T 8
T 8
T 9
T 7
T 7
T 8
T 9
T 7
T 7
T 8
T 9
T 7
T 7
T 9
T 7
T 9
T 8
T 8
T 9
T 8
T 9
T 8
T 8
T 9
T 7
T 7
T 8
T 9
T 7
T 9
T 7
T 7
T 8
T 9
T 7
T 7
T 10
T 9
T 9
T 10
T 9
T 10
T 10
T 8
T 9
T 10
T 10
T 8
T 9
T 10
T 9
T 7
T 7
T 10
T 8
T 9
T 7
T 9
T 7
T 9
T 8
T 8
T 9
T 7
T 9
T 7
T 9
T 7
T 9
T 7
T 9
T 8
T 8
T 9
T 7
T 9
T 8
T 8
T 9
T 8
T 8
T 9
T 10
T 10
T 9
T 10
T 9
T 7
T 7
T 9
T 7
T 7
T 9
T 7
T 7
T 9
T 8
T 9
T 7
T 9
T 8
T 8
T 9
T 7
T 7
T 9
T 10
T 10
T 8
T 9
T 7
T 7
T 10
T 9
T 7
T 7
T 11
T 9
T 9
T 10
T 9
T 10
T 10
T 9
T 8
T 8
T 9
T 11
T 11
T 9
T 11
T 11
T 10
T 8
T 9
T 7
T 7
T 9
T 8
T 9
T 10
T 10
T 8
T 9
T 10
T 9
T 11
T 11
T 9
T 8
T 9
T 10
T 10
T 9
T 8
T 8
T 9
T 8
T 8
T 9
T 8
T 8
T 9
T 8
T 9
T 8
T 9
T 8
T 8
T 9
T 8
T 8
T 9
T 8
T 8
T 12
T 9
T 9
T 8
T 8
T 9
T 11
T 11
T 9
T 11
T 11
T 10
T 8
T 9
T 10
T 10
T 9
T 8
T 8
T 9
T 12
T 12
T 9
T 10
T 10
T 9
T 10
T 10
T 9
T 11
T 9
T 12
T 12
T 9
T 12
T 12
T 9
T 10
T 9
T 7
T 9
T 7
T 7
T 11
T 10
T 9
T 11
T 9
T 8
T 8
T 9
T 10
T 10
T 9
T 7
T 9
T 8
T 8
T 12
T 9
T 12
T 12
T 9
T 12
T 12
T 9
T 11
T 11
T 9
T 10
T 9
T 10
T 9
T 7
T 9
T 12
T 9
T 11
T 11
T 9
T 10
T 10
T 9
T 10
T 10
T 9
T 10
T 10
T 8
T 12
T 9
T 7
T 9
T 10
T 10
T 8
T 12
T 9
T 10
T 10
T 13
T 9
T 9
T 8
T 8
T 12
T 9
T 12
T 9
T 13
T 13
T 9
T 12
T 12
T 9
T 10
T 10
T 13
T 8
T 12
T 9
T 13
T 13
T 8
T 12
T 9
T 11
T 9
T 13
T 9
T 12
T 12
T 9
T 10
T 10
T 9
T 13
T 9
T 8
T 8
T 9
T 7
T 7
T 11
T 10
T 9
T 7
T 7
T 9
T 12
T 12
T 9
T 12
T 9
T 12
T 9
T 11
T 11
T 9
T 12
T 12
T 9
T 7
T 9
T 12
T 12
T 9
T 7
T 7
T 11
T 9
T 8
T 8
T 12
T 9
T 12
T 9
T 12
T 9
T 12
T 9
T 7
T 7
T 9
T 12
T 12
T 9
T 8
T 8
T 9
T 7
T 7
T 9
T 7
T 7
T 11
T 10
T 9
T 13
T 9
T 13
T 9
T 12
T 9
T 13
T 13
T 8
T 12
T 9
T 12
T 12
T 9
T 7
T 7
T 9
T 10
T 10
T 13
T 8
T 9
T 7
T 7
T 9
T 8
T 9
T 13
T 13
T 9
T 8
T 9
T 12
T 12
T 9
T 7
T 9
T 11
T 11
T 10
T 13
T 9
T 7
T 7
T 9
T 12
T 12
T 9
T 8
T 8
T 12
T 9
T 11
T 11
T 9
T 10
T 10
T 9
T 13
T 13
T 8
T 12
T 9
T 12
T 12
T 14
T 9
T 9
T 11
T 9
T 10
T 10
T 9
T 11
T 9
T 12
T 12
T 14
T 9
T 11
T 9
T 13
T 13
T 8
T 12
T 9
T 10
T 10
T 13
T 8
T 9
T 14
T 9
T 14
T 9
T 14
T 9
T 13
T 13
T 9
T 8
T 8
T 9
T 7
T 7
T 9
T 13
T 13
T 8
T 12
T 14
T 9
T 12
T 12
T 9
T 7
T 9
T 7
T 7
T 9
T 7
T 7
T 9
T 13
T 13
T 8
T 12
T 14
T 9
T 13
T 13
T 9
T 12
T 9
T 13
T 9
T 7
T 7
T 9
T 11
T 11
T 10
T 13
T 9
T 11
T 11
T 9
T 12
T 12
T 9
T 13
T 13
T 9
T 13
T 13
T 9
T 11
T 11
T 9
T 14
T 14
T 9
T 8
T 8
T 9
T 8
T 8
T 9
T 13
T 13
T 9
T 14
T 14
T 9
T 8
T 9
T 14
T 14
T 9
T 8
T 8
T 9
T 11
T 11
T 10
T 13
T 9
T 13
T 13
T 8
T 9
T 7
T 7
T 9
T 12
T 9
T 7
T 7
T 11
T 10
T 9
T 11
T 9
T 7
T 7
T 9
T 7
T 7
T 9
T 11
T 11
T 10
T 13
T 9
T 13
T 9
T 14
T 9
T 12
T 9
T 7
T 7
T 9
T 7
T 9
T 10
T 9
T 7
T 7
T 9
T 14
T 14
T 9
T 10
T 10
T 13
T 9
T 13
T 9
T 7
T 9
T 7
T 7
T 9
T 13
T 13
T 9
T 12
T 12
T 9
T 12
T 9
T 7
T 7
T 11
T 9
T 8
T 8
T 9
T 7
T 7
T 9
T 7
T 7
T 11
T 9
T 8
T 8
T 12
T 14
T 9
T 10
T 9
T 7
T 7
T 9
T 14
T 9
T 8
T 9
T 12
T 9
T 12
T 9
T 7
T 7
T 11
T 9
T 10
T 10
T 9
T 7
T 7
T 15
T 9
T 9
T 12
T 12
T 14
T 9
T 13
T 13
T 8
T 12
T 9
T 10
T 10
T 9
T 11
T 9
T 11
T 11
T 9
T 7
T 7
T 15
T 11
T 9
T 12
T 12
T 9
T 11
T 11
T 16
T 9
T 9
T 11
T 11
T 9
T 11
T 11
T 16
T 10
T 9
T 13
T 13
T 8
T 9
T 10
T 10
T 13
T 9
T 16
T 16
T 10
T 13
T 9
T 7
T 7
T 9
T 10
T 9
T 15
T 15
T 9
T 8
T 8
T 12
T 9
T 16
T 16
T 9
T 14
T 9
T 13
T 13
T 9
T 14
T 9
T 11
T 11
T 9
T 8
T 9
T 8
T 9
T 12
T 12
T 9
T 12
T 12
T 9
T 10
T 10
T 13
T 8
T 9
T 14
T 14
T 9
T 15
T 15
T 11
T 16
T 10
T 9
T 14
T 14
T 17
T 9
T 9
T 10
T 9
T 17
T 9
T 7
T 7
[btreebench workload] zero_faults=10 swap_faults=12 evictions=12 page_reads=12 page_writes=9 resident_count=14 free_swap_slots=8178
RESULT footprint_pages=40
RESULT resident_margin=10
RESULT op_count=300
RESULT nodes_allocated=11
RESULT inserts=111
RESULT lookups=123
RESULT lookup_hits=12
RESULT scans=66
RESULT zero_faults=10
RESULT swap_faults=12
RESULT evictions=12
RESULT page_reads=12
RESULT page_writes=9

PASS
$ 
# RESULT PASS
QEMU: Terminated
