# date=2026-09-19T02:41:38
# commit=095dbb32d479d76ded440ffdf1d2f2226a0a3101
# describe=platform-v1.1-13-g095dbb32-dirty
# worktree=modified(13) untracked(0)
# cpus=1 timeout=120.0
# vm_debug=0
# cc=riscv64-unknown-elf-gcc (13.2.0-11ubuntu1+12) 13.2.0
# qemu=QEMU emulator version 8.2.2 (Debian 1:8.2.2+ds-0ubuntu1.18)
# python=3.12.3
# host=Linux 6.18.33.2-microsoft-standard-WSL2 x86_64
# commands=['btreebench 40 4 300 1 mixed 1']
qemu-system-riscv64 -machine virt -bios none -kernel kernel/kernel -m 128M -smp 1 -nographic -global virtio-mmio.force-legacy=false -drive file=fs.img,if=none,format=raw,id=x0 -device virtio-blk-device,drive=x0,bus=virtio-mmio-bus.0

xv6 kernel is booting

xv6 vm config: frames=32768 resident_limit_max=16384 policies=3 swapslots=8192 swap_kb=32768
xv6 vm config: fssize=100000 nbuf=30 userstack=16 trace_version=3 trace_capacity=262144 trace_record=64 debug=1
init: starting sh
$ 
# RUN btreebench 40 4 300 1 mixed 1
btreebench 40 4 300 1 mixed 1

== btreebench: setup ==

== btreebench: workload ==
TRACEHDR workload=btreebench params=see RESULT lines below for full parameters (footprint/margin/op_count/mix) seed=1 resident_limit=8 arena_cache_budget=4 policy=0 prefetch_enabled=0 arena_start_vpn=21 arena_pages=40
T 21
T 21
T 21
T 21
T 21
T 21
T 21
T 21
T 21
T 21
T 21
T 21
T 21
T 21
T 21
T 21
T 21
T 21
T 21
T 21
T 21
T 21
T 21
T 21
T 21
T 21
T 21
T 21
T 21
T 21
T 21
T 21
T 21
T 21
T 21
T 21
T 21
T 21
T 21
T 21
T 21
T 21
T 21
T 21
T 21
T 22
T 23
T 23
T 21
T 21
T 22
T 23
T 21
T 23
T 21
T 21
T 23
T 21
T 23
T 21
T 23
T 21
T 21
T 23
T 21
T 21
T 23
T 21
T 23
T 21
T 21
T 23
T 22
T 23
T 21
T 21
T 23
T 21
T 21
T 23
T 22
T 22
T 23
T 21
T 23
T 21
T 21
T 23
T 21
T 21
T 23
T 21
T 23
T 22
T 22
T 23
T 21
T 21
T 22
T 23
T 21
T 21
T 22
T 23
T 21
T 21
T 23
T 21
T 23
T 22
T 22
T 23
T 22
T 23
T 22
T 22
T 23
T 21
T 21
T 22
T 23
T 21
T 23
T 21
T 21
T 22
T 23
T 21
T 21
T 24
T 23
T 23
T 24
T 23
T 24
T 24
T 22
T 23
T 24
T 24
T 22
T 23
T 24
T 23
T 21
T 21
T 24
T 22
T 23
T 21
T 23
T 21
T 23
T 22
T 22
T 23
T 21
T 23
T 21
T 23
T 21
T 23
T 21
T 23
T 22
T 22
T 23
T 21
T 23
T 22
T 22
T 23
T 22
T 22
T 23
T 24
T 24
T 23
T 24
T 23
T 21
T 21
T 23
T 21
T 21
T 23
T 21
T 21
T 23
T 22
T 23
T 21
T 23
T 22
T 22
T 23
T 21
T 21
T 23
T 24
T 24
T 22
T 23
T 21
T 21
T 24
T 23
T 21
T 21
T 25
T 23
T 23
T 24
T 23
T 24
T 24
T 23
T 22
T 22
T 23
T 25
T 25
T 23
T 25
T 25
T 24
T 22
T 23
T 21
T 21
T 23
T 22
T 23
T 24
T 24
T 22
T 23
T 24
T 23
T 25
T 25
T 23
T 22
T 23
T 24
T 24
T 23
T 22
T 22
T 23
T 22
T 22
T 23
T 22
T 22
T 23
T 22
T 23
T 22
T 23
T 22
T 22
T 23
T 22
T 22
T 23
T 22
T 22
T 26
T 23
T 23
T 22
T 22
T 23
T 25
T 25
T 23
T 25
T 25
T 24
T 22
T 23
T 24
T 24
T 23
T 22
T 22
T 23
T 26
T 26
T 23
T 24
T 24
T 23
T 24
T 24
T 23
T 25
T 23
T 26
T 26
T 23
T 26
T 26
T 23
T 24
T 23
T 21
T 23
T 21
T 21
T 25
T 24
T 23
T 25
T 23
T 22
T 22
T 23
T 24
T 24
T 23
T 21
T 23
T 22
T 22
T 26
T 23
T 26
T 26
T 23
T 26
T 26
T 23
T 25
T 25
T 23
T 24
T 23
T 24
T 23
T 21
T 23
T 26
T 23
T 25
T 25
T 23
T 24
T 24
T 23
T 24
T 24
T 23
T 24
T 24
T 22
T 26
T 23
T 21
T 23
T 24
T 24
T 22
T 26
T 23
T 24
T 24
T 27
T 23
T 23
T 22
T 22
T 26
T 23
T 26
T 23
T 27
T 27
T 23
T 26
T 26
T 23
T 24
T 24
T 27
T 22
T 26
T 23
T 27
T 27
T 22
T 26
T 23
T 25
T 23
T 27
T 23
T 26
T 26
T 23
T 24
T 24
T 23
T 27
T 23
T 22
T 22
T 23
T 21
T 21
T 25
T 24
T 23
T 21
T 21
T 23
T 26
T 26
T 23
T 26
T 23
T 26
T 23
T 25
T 25
T 23
T 26
T 26
T 23
T 21
T 23
T 26
T 26
T 23
T 21
T 21
T 25
T 23
T 22
T 22
T 26
T 23
T 26
T 23
T 26
T 23
T 26
T 23
T 21
T 21
T 23
T 26
T 26
T 23
T 22
T 22
T 23
T 21
T 21
T 23
T 21
T 21
T 25
T 24
T 23
T 27
T 23
T 27
T 23
T 26
T 23
T 27
T 27
T 22
T 26
T 23
T 26
T 26
T 23
T 21
T 21
T 23
T 24
T 24
T 27
T 22
T 23
T 21
T 21
T 23
T 22
T 23
T 27
T 27
T 23
T 22
T 23
T 26
T 26
T 23
T 21
T 23
T 25
T 25
T 24
T 27
T 23
T 21
T 21
T 23
T 26
T 26
T 23
T 22
T 22
T 26
T 23
T 25
T 25
T 23
T 24
T 24
T 23
T 27
T 27
T 22
T 26
T 23
T 26
T 26
T 28
T 23
T 23
T 25
T 23
T 24
T 24
T 23
T 25
T 23
T 26
T 26
T 28
T 23
T 25
T 23
T 27
T 27
T 22
T 26
T 23
T 24
T 24
T 27
T 22
T 23
T 28
T 23
T 28
T 23
T 28
T 23
T 27
T 27
T 23
T 22
T 22
T 23
T 21
T 21
T 23
T 27
T 27
T 22
T 26
T 28
T 23
T 26
T 26
T 23
T 21
T 23
T 21
T 21
T 23
T 21
T 21
T 23
T 27
T 27
T 22
T 26
T 28
T 23
T 27
T 27
T 23
T 26
T 23
T 27
T 23
T 21
T 21
T 23
T 25
T 25
T 24
T 27
T 23
T 25
T 25
T 23
T 26
T 26
T 23
T 27
T 27
T 23
T 27
T 27
T 23
T 25
T 25
T 23
T 28
T 28
T 23
T 22
T 22
T 23
T 22
T 22
T 23
T 27
T 27
T 23
T 28
T 28
T 23
T 22
T 23
T 28
T 28
T 23
T 22
T 22
T 23
T 25
T 25
T 24
T 27
T 23
T 27
T 27
T 22
T 23
T 21
T 21
T 23
T 26
T 23
T 21
T 21
T 25
T 24
T 23
T 25
T 23
T 21
T 21
T 23
T 21
T 21
T 23
T 25
T 25
T 24
T 27
T 23
T 27
T 23
T 28
T 23
T 26
T 23
T 21
T 21
T 23
T 21
T 23
T 24
T 23
T 21
T 21
T 23
T 28
T 28
T 23
T 24
T 24
T 27
T 23
T 27
T 23
T 21
T 23
T 21
T 21
T 23
T 27
T 27
T 23
T 26
T 26
T 23
T 26
T 23
T 21
T 21
T 25
T 23
T 22
T 22
T 23
T 21
T 21
T 23
T 21
T 21
T 25
T 23
T 22
T 22
T 26
T 28
T 23
T 24
T 23
T 21
T 21
T 23
T 28
T 23
T 22
T 23
T 26
T 23
T 26
T 23
T 21
T 21
T 25
T 23
T 24
T 24
T 23
T 21
T 21
T 29
T 23
T 23
T 26
T 26
T 28
T 23
T 27
T 27
T 22
T 26
T 23
T 24
T 24
T 23
T 25
T 23
T 25
T 25
T 23
T 21
T 21
T 29
T 25
T 23
T 26
T 26
T 23
T 25
T 25
T 30
T 23
T 23
T 25
T 25
T 23
T 25
T 25
T 30
T 24
T 23
T 27
T 27
T 22
T 23
T 24
T 24
T 27
T 23
T 30
T 30
T 24
T 27
T 23
T 21
T 21
T 23
T 24
T 23
T 29
T 29
T 23
T 22
T 22
T 26
T 23
T 30
T 30
T 23
T 28
T 23
T 27
T 27
T 23
T 28
T 23
T 25
T 25
T 23
T 22
T 23
T 22
T 23
T 26
T 26
T 23
T 26
T 26
T 23
T 24
T 24
T 27
T 22
T 23
T 28
T 28
T 23
T 29
T 29
T 25
T 30
T 24
T 23
T 28
T 28
T 31
T 23
T 23
T 24
T 23
T 31
T 23
T 21
T 21
[btreebench workload] zero_faults=10 swap_faults=642 evictions=648 page_reads=642 page_writes=159 resident_count=8 free_swap_slots=8160
RESULT footprint_pages=40
RESULT resident_margin=4
RESULT op_count=300
RESULT nodes_allocated=11
RESULT inserts=111
RESULT lookups=123
RESULT lookup_hits=12
RESULT scans=66
RESULT wal_enabled=0
RESULT cache_enabled=0
RESULT cache_size=8
RESULT cache_hits=0
RESULT cache_misses=0
RESULT zero_faults=10
RESULT swap_faults=642
RESULT evictions=648
RESULT page_reads=642
RESULT page_writes=159

PASS
$ 
# RESULT PASS
QEMU: Terminated
