# CPUS=1 timeout=120.0
# commands=['kvbench 8 8 500 1 A 1']
qemu-system-riscv64 -machine virt -bios none -kernel kernel/kernel -m 128M -smp 1 -nographic -global virtio-mmio.force-legacy=false -drive file=fs.img,if=none,format=raw,id=x0 -device virtio-blk-device,drive=x0,bus=virtio-mmio-bus.0

xv6 kernel is booting

init: starting sh
$ 
# RUN kvbench 8 8 500 1 A 1
kvbench 8 8 500 1 A 1

== kvbench: setup ==

== kvbench: populate ==

== kvbench: workload ==
TRACEHDR workload=kvbench params=see RESULT lines below for full parameters (footprint/margin/op_count/mode) seed=1 resident_limit=11 arena_cache_budget=8 policy=0 prefetch_enabled=0 arena_start_vpn=7 arena_pages=8
T 9
T 9
T 11
T 11
T 9
T 9
T 10
T 10
T 8
T 8
T 14
T 14
T 10
T 10
T 12
T 12
T 9
T 9
T 7
T 7
T 12
T 12
T 7
T 7
T 11
T 11
T 8
T 8
T 12
T 12
T 7
T 7
T 10
T 10
T 7
T 7
T 10
T 10
T 9
T 9
T 8
T 8
T 9
T 9
T 11
T 11
T 7
T 7
T 8
T 8
T 7
T 7
T 14
T 14
T 7
T 7
T 8
T 8
T 7
T 7
T 7
T 7
T 12
T 12
T 7
T 7
T 10
T 10
T 13
T 13
T 14
T 14
T 8
T 8
T 9
T 9
T 14
T 14
T 14
T 14
T 7
T 7
T 8
T 8
T 10
T 10
T 10
T 10
T 9
T 9
T 12
T 12
T 9
T 9
T 13
T 13
T 9
T 9
T 9
T 8
T 8
T 8
T 8
T 11
T 11
T 13
T 13
T 12
T 12
T 7
T 7
T 10
T 10
T 7
T 7
T 13
T 13
T 11
T 11
T 10
T 10
T 9
T 9
T 9
T 12
T 12
T 13
T 13
T 12
T 12
T 7
T 7
T 7
T 7
T 7
T 7
T 11
T 11
T 12
T 12
T 12
T 12
T 11
T 11
T 11
T 11
T 11
T 11
T 11
T 14
T 14
T 13
T 13
T 12
T 12
T 7
T 7
T 11
T 11
T 13
T 13
T 12
T 12
T 11
T 11
T 13
T 13
T 8
T 8
T 9
T 9
T 14
T 14
T 12
T 12
T 11
T 11
T 11
T 12
T 12
T 12
T 12
T 12
T 12
T 12
T 12
T 12
T 12
T 12
T 12
T 10
T 10
T 12
T 12
T 13
T 13
T 13
T 13
T 12
T 12
T 12
T 12
T 12
T 12
T 10
T 10
T 10
T 14
T 14
T 12
T 12
T 7
T 7
T 7
T 8
T 8
T 13
T 13
T 7
T 7
T 10
T 10
T 12
T 12
T 13
T 13
T 9
T 9
T 10
T 10
T 10
T 10
T 10
T 10
T 12
T 12
T 12
T 12
T 10
T 10
T 10
T 14
T 14
T 12
T 12
T 10
T 10
T 10
T 12
T 12
T 7
T 7
T 10
T 10
T 10
T 7
T 7
T 13
T 13
T 13
T 10
T 10
T 10
T 12
T 12
T 12
T 12
T 7
T 7
T 7
T 7
T 7
T 14
T 14
T 7
T 7
T 12
T 12
T 11
T 11
T 10
T 10
T 10
T 10
T 10
T 10
T 7
T 7
T 13
T 13
T 13
T 9
T 9
T 9
T 9
T 9
T 14
T 14
T 13
T 13
T 13
T 13
T 8
T 8
T 8
T 8
T 9
T 9
T 10
T 10
T 10
T 10
T 10
T 8
T 8
T 7
T 7
T 11
T 11
T 10
T 10
T 10
T 10
T 10
T 10
T 10
T 7
T 7
T 9
T 9
T 9
T 9
T 13
T 13
T 14
T 14
T 13
T 13
T 9
T 9
T 9
T 9
T 9
T 13
T 13
T 10
T 10
T 8
T 8
T 8
T 12
T 12
T 13
T 13
T 9
T 9
T 10
T 10
T 8
T 8
T 8
T 11
T 11
T 7
T 7
T 14
T 14
T 10
T 10
T 7
T 7
T 12
T 12
T 12
T 12
T 7
T 7
T 8
T 8
T 10
T 10
T 12
T 12
T 9
T 9
T 13
T 13
T 9
T 9
T 10
T 10
T 7
T 7
T 10
T 10
T 12
T 12
T 12
T 12
T 8
T 8
T 8
T 9
T 9
T 9
T 9
T 11
T 11
T 8
T 8
T 8
T 8
T 8
T 11
T 11
T 9
T 9
T 11
T 11
T 14
T 14
T 8
T 8
T 8
T 11
T 11
T 12
T 12
T 9
T 9
T 11
T 11
T 7
T 7
T 12
T 12
T 11
T 11
T 13
T 13
T 13
T 13
T 10
T 10
T 14
T 14
T 9
T 9
T 11
T 11
T 11
T 11
T 9
T 9
T 7
T 7
T 10
T 10
T 7
T 7
T 7
T 7
T 9
T 9
T 13
T 13
T 7
T 7
T 14
T 14
T 10
T 10
T 8
T 8
T 8
T 8
T 13
T 13
T 11
T 11
T 11
T 8
T 8
T 11
T 11
T 9
T 9
T 8
T 8
T 11
T 11
T 14
T 14
T 10
T 10
T 11
T 11
T 8
T 8
T 10
T 10
T 10
T 10
T 10
T 10
T 8
T 8
T 10
T 10
T 7
T 7
T 7
T 7
T 11
T 11
T 12
T 12
T 14
T 14
T 7
T 7
T 7
T 7
T 13
T 13
T 12
T 12
T 7
T 7
T 10
T 10
T 12
T 12
T 11
T 11
T 10
T 10
T 9
T 9
T 9
T 10
T 10
T 10
T 10
T 11
T 11
T 13
T 13
T 9
T 9
T 11
T 11
T 9
T 9
T 7
T 7
T 7
T 14
T 14
T 10
T 10
T 11
T 11
T 12
T 12
T 9
T 9
T 12
T 12
T 14
T 14
T 11
T 11
T 14
T 14
T 11
T 11
T 10
T 10
T 7
T 7
T 12
T 12
T 9
T 9
T 13
T 13
T 12
T 12
T 11
T 11
T 10
T 10
T 12
T 12
T 8
T 8
T 12
T 12
T 7
T 7
T 13
T 13
T 7
T 7
T 7
T 7
T 10
T 10
T 14
T 14
T 11
T 11
T 10
T 10
T 10
T 10
T 7
T 7
T 12
T 12
T 11
T 11
T 12
T 12
T 12
T 12
T 7
T 7
T 11
T 11
T 8
T 8
T 14
T 14
T 13
T 13
T 12
T 12
T 11
T 11
T 9
T 9
T 9
T 9
T 14
T 14
T 9
T 9
T 10
T 10
T 14
T 14
T 13
T 13
T 10
T 10
T 10
T 11
T 11
T 7
T 7
T 9
T 9
T 9
T 9
T 9
T 9
T 10
T 10
T 10
T 8
T 8
T 14
T 14
T 10
T 10
T 13
T 13
T 13
T 13
T 9
T 9
T 9
T 9
T 10
T 10
T 10
T 14
T 14
T 9
T 9
T 9
T 9
T 14
T 14
T 7
T 7
T 9
T 9
T 7
T 7
T 7
T 11
T 11
T 13
T 13
T 10
T 10
T 10
T 9
T 9
T 9
T 9
T 9
T 9
T 7
T 7
T 14
T 14
T 12
T 12
T 9
T 9
T 9
T 7
T 7
T 7
T 7
T 12
T 12
T 7
T 7
T 7
T 10
T 10
T 10
T 7
T 7
T 12
T 12
T 10
T 10
T 10
T 8
T 8
T 13
T 13
T 10
T 10
T 11
T 11
T 11
T 11
T 8
T 8
T 8
T 11
T 11
T 9
T 9
T 14
T 14
T 11
T 11
T 10
T 10
T 9
T 9
T 9
T 9
T 9
T 9
T 9
T 13
T 13
T 8
T 8
T 8
T 8
T 8
T 14
T 14
T 9
T 9
T 10
T 10
T 7
T 7
T 9
T 9
T 12
T 12
T 13
T 13
T 10
T 10
T 11
T 11
T 8
T 8
T 8
T 14
T 14
T 13
T 13
T 10
T 10
T 9
T 9
T 11
T 11
T 11
T 11
T 11
T 11
T 11
T 11
T 13
T 13
T 10
T 10
T 8
T 8
T 8
T 8
T 8
T 10
T 10
T 12
T 12
T 8
T 8
T 8
T 8
T 8
T 8
T 9
T 9
T 13
T 13
T 8
T 8
T 8
T 8
T 8
T 8
T 12
T 12
T 9
T 9
T 8
T 8
T 8
T 9
T 9
T 7
T 7
T 7
T 10
T 10
T 11
T 11
T 13
T 13
T 7
T 7
T 11
T 11
T 8
T 8
T 9
T 9
T 7
T 7
T 9
T 9
T 9
T 9
T 7
T 7
T 11
T 11
T 13
T 13
T 13
T 13
T 8
T 8
T 7
T 7
T 7
T 7
T 12
T 12
T 10
T 10
T 12
T 12
T 10
T 10
T 8
T 8
T 13
T 13
T 7
T 7
T 10
T 10
T 10
T 10
T 9
T 9
T 7
T 7
T 11
T 11
T 12
T 12
T 11
T 11
T 7
T 7
T 11
T 11
T 13
T 13
T 8
T 8
T 13
T 13
T 10
T 10
T 9
T 9
T 9
T 9
T 9
T 13
T 13
T 14
T 14
T 7
T 7
T 7
T 7
T 9
T 9
T 8
T 8
T 8
T 8
T 10
T 10
T 7
T 7
T 10
T 10
T 7
T 7
T 10
T 10
T 7
T 7
T 12
T 12
T 13
T 13
T 13
T 14
T 14
T 11
T 11
T 9
T 9
T 8
T 8
T 7
T 7
T 11
T 11
T 12
T 12
T 14
T 14
T 10
T 10
T 8
T 8
T 9
T 9
T 11
T 11
T 9
T 9
T 11
T 11
T 8
T 8
T 9
T 9
T 14
T 14
T 9
T 9
T 10
T 10
T 11
T 11
T 12
T 12
T 8
T 8
T 12
T 12
T 12
T 12
T 13
T 13
T 13
T 12
T 12
T 13
T 13
T 12
T 12
T 8
T 8
T 9
T 9
T 12
T 12
T 9
T 9
T 11
T 11
T 8
T 8
T 8
T 8
T 9
T 9
T 13
T 13
T 7
T 7
T 11
T 11
T 8
T 8
T 14
T 14
T 12
T 12
T 14
T 14
T 12
T 12
T 11
T 11
T 9
T 9
T 9
T 12
T 12
T 7
T 7
[kvbench workload] zero_faults=0 swap_faults=219 evictions=219 page_reads=219 page_writes=136 resident_count=11 free_swap_slots=8177
RESULT footprint_pages=8
RESULT resident_margin=8
RESULT op_count=500
RESULT nkeys=1024
RESULT nslots=4096
RESULT reads=240
RESULT writes=260
RESULT read_hits=240
RESULT zero_faults=0
RESULT swap_faults=219
RESULT evictions=219
RESULT page_reads=219
RESULT page_writes=136

PASS
$ 
# RESULT PASS
QEMU: Terminated
