# CPUS=1 timeout=90.0
# commands=['btreebench 40 40 600 1 lookup 5']
qemu-system-riscv64 -machine virt -bios none -kernel kernel/kernel -m 128M -smp 1 -nographic -global virtio-mmio.force-legacy=false -drive file=fs.img,if=none,format=raw,id=x0 -device virtio-blk-device,drive=x0,bus=virtio-mmio-bus.0

xv6 kernel is booting

init: starting sh
$ 
# RUN btreebench 40 40 600 1 lookup 5
btreebench 40 40 600 1 lookup 5

== btreebench: setup ==

== btreebench: workload ==
TRACEHDR workload=btreebench params=see RESULT lines below for full parameters (footprint/margin/op_count/mix) seed=1 resident_limit=44 arena_cache_budget=40 policy=0 prefetch_enabled=0 arena_start_vpn=7 arena_pages=40
T 8
T 9
T 10
T 11
T 12
T 13
T 14
T 15
T 11
T 10
T 16
T 8
T 17
T 14
T 10
T 18
T 8
T 13
T 11
T 12
T 17
T 7
T 8
T 15
T 11
T 14
T 10
T 13
T 19
T 14
T 17
T 18
T 12
T 16
T 20
T 7
T 11
T 14
T 17
T 18
T 19
T 8
T 7
T 20
T 17
T 21
T 12
T 22
T 15
T 23
T 14
T 7
T 24
T 25
T 26
T 16
T 8
T 15
T 19
T 14
T 21
T 12
T 20
T 16
T 10
T 8
T 27
T 21
T 17
T 20
T 14
T 28
T 16
T 10
T 7
T 24
T 22
T 8
T 11
T 13
T 10
T 18
T 16
T 27
T 7
T 12
T 10
T 29
T 22
T 15
T 9
T 13
T 16
T 8
T 27
T 17
T 29
T 19
T 16
T 30
T 20
T 17
T 10
T 29
T 15
T 13
T 31
T 16
T 18
T 14
T 17
T 23
T 22
T 29
T 27
T 13
T 11
T 32
T 20
T 29
T 10
T 18
T 22
T 30
T 29
T 32
T 16
T 28
T 13
T 18
T 19
T 24
T 29
T 28
T 30
T 13
T 17
T 8
T 18
T 33
T 30
T 19
T 34
T 28
T 12
T 20
T 14
T 8
T 13
T 29
T 35
T 32
T 12
T 28
T 15
T 22
T 13
T 19
T 21
T 18
T 11
T 28
T 23
T 20
T 36
T 16
T 29
T 14
T 33
T 15
T 30
T 27
T 32
T 8
T 17
T 21
T 14
T 19
T 22
T 32
T 12
T 18
T 33
T 11
T 23
T 30
T 21
T 32
T 8
T 15
T 35
T 17
T 14
T 21
T 23
T 19
T 7
T 27
T 29
T 17
T 10
T 22
T 14
T 28
T 15
T 33
T 9
T 17
T 34
T 29
T 18
T 31
T 22
T 8
T 33
T 17
T 32
T 11
T 21
T 35
T 10
T 19
T 28
T 17
T 27
T 11
T 22
T 30
T 33
T 14
T 27
T 13
T 15
T 28
T 16
T 33
T 24
T 23
T 27
T 15
T 11
T 21
T 33
T 29
T 30
T 20
T 23
T 8
T 21
T 14
T 32
T 29
T 31
T 33
T 14
T 22
T 12
T 30
T 23
T 32
T 29
T 17
T 21
T 33
T 20
T 14
T 7
T 19
T 12
T 17
T 22
T 15
T 34
T 20
T 7
T 21
T 14
T 29
T 23
T 35
T 16
T 11
T 8
T 24
T 22
T 19
T 32
T 33
T 36
T 14
T 24
T 30
T 8
T 22
T 28
T 12
T 15
T 9
T 31
T 21
T 35
T 34
T 24
T 10
T 20
T 31
T 18
T 35
T 14
T 30
T 27
T 29
T 20
T 28
T 32
T 18
T 21
T 24
T 27
T 32
T 10
T 21
T 13
T 12
T 36
T 27
T 24
T 17
T 23
T 10
T 32
T 34
T 14
T 11
T 10
T 12
T 22
T 13
T 20
T 11
T 35
T 17
T 7
T 21
T 19
T 16
T 25
T 15
T 27
T 35
T 12
T 21
T 14
T 13
T 18
T 11
T 10
T 24
T 27
T 22
T 14
T 7
T 20
T 15
T 11
T 16
T 33
T 10
T 19
T 23
T 14
T 31
T 20
T 13
T 22
T 27
T 18
T 28
T 15
T 8
T 9
T 17
T 24
T 13
T 33
T 36
T 23
T 21
T 18
T 8
T 32
T 17
T 7
T 35
T 13
T 10
T 27
T 15
T 23
T 19
T 36
T 18
T 35
T 14
T 20
T 7
T 23
T 33
T 12
T 30
T 16
T 11
T 22
T 21
T 8
T 20
T 18
T 23
T 34
T 24
T 11
T 19
T 21
T 25
T 15
T 16
T 11
T 22
T 14
T 23
T 20
T 32
T 31
T 16
T 24
T 13
T 25
T 22
T 29
T 10
T 15
T 11
T 33
T 36
T 23
T 15
T 35
T 19
T 18
T 20
T 8
T 29
T 21
T 24
T 33
T 16
T 22
T 7
T 12
T 15
T 21
T 13
T 16
T 17
T 25
T 27
T 33
T 20
T 29
T 11
T 17
T 14
T 10
T 19
T 12
T 24
T 27
T 13
T 10
T 7
T 21
T 32
T 23
T 30
T 12
T 33
T 22
T 13
T 30
T 12
T 21
T 16
T 17
T 24
T 35
T 23
T 33
T 11
T 28
T 13
T 22
T 8
T 15
T 16
T 12
T 7
T 33
T 19
T 22
T 28
T 17
T 13
T 21
T 15
T 10
T 8
T 32
T 29
T 14
T 21
T 15
T 35
T 27
T 13
T 11
T 14
T 8
T 19
T 33
T 27
T 28
T 24
T 22
T 10
T 16
T 17
T 29
T 32
T 22
T 24
T 27
T 11
T 16
T 22
T 12
T 23
T 29
T 21
T 17
T 14
T 8
T 24
T 32
T 15
T 23
T 18
T 13
T 17
T 24
T 10
T 33
T 28
T 15
T 27
T 9
T 7
T 24
T 31
T 32
T 19
T 22
T 34
T 20
T 17
T 27
T 11
T 15
T 29
T 35
T 20
T 13
T 14
T 15
T 36
T 10
T 21
T 18
T 30
T 34
T 24
T 14
T 8
T 23
T 17
T 13
T 15
T 11
T 8
T 29
T 35
T 32
T 22
T 36
T 8
T 31
T 7
T 16
T 33
T 13
T 34
T 32
T 17
T 24
T 25
T 14
T 19
T 33
T 21
T 13
T 15
T 34
T 27
T 8
T 17
T 33
T 14
T 28
T 24
T 10
T 18
T 14
T 20
T 19
T 27
T 22
T 15
T 21
T 19
T 23
T 33
T 22
T 36
[btreebench workload] zero_faults=29 swap_faults=2 evictions=0 page_reads=2 page_writes=0 resident_count=35 free_swap_slots=8184
RESULT footprint_pages=40
RESULT resident_margin=40
RESULT op_count=600
RESULT nodes_allocated=30
RESULT inserts=300
RESULT lookups=600
RESULT lookup_hits=65
RESULT scans=0
RESULT wal_enabled=0
RESULT cache_enabled=1
RESULT cache_size=8
RESULT cache_hits=2550
RESULT cache_misses=643
RESULT zero_faults=29
RESULT swap_faults=2
RESULT evictions=0
RESULT page_reads=2
RESULT page_writes=0

PASS
$ 
# RESULT PASS
QEMU: Terminated
