# CPUS=1 timeout=90.0
# commands=['btreebench 40 40 600 1 mixed 7']
qemu-system-riscv64 -machine virt -bios none -kernel kernel/kernel -m 128M -smp 1 -nographic -global virtio-mmio.force-legacy=false -drive file=fs.img,if=none,format=raw,id=x0 -device virtio-blk-device,drive=x0,bus=virtio-mmio-bus.0

xv6 kernel is booting

init: starting sh
$ 
# RUN btreebench 40 40 600 1 mixed 7
btreebench 40 40 600 1 mixed 7

== btreebench: setup ==

== btreebench: workload ==
TRACEHDR workload=btreebench params=see RESULT lines below for full parameters (footprint/margin/op_count/mix) seed=1 resident_limit=44 arena_cache_budget=40 policy=0 prefetch_enabled=0 arena_start_vpn=7 arena_pages=40
T 47
T 47
T 47
T 47
T 47
T 47
T 47
T 47
T 47
T 47
T 47
T 47
T 47
T 47
T 47
T 47
T 47
T 8
T 9
T 47
T 47
T 47
T 47
T 47
T 47
T 47
T 47
T 47
T 47
T 47
T 10
T 47
T 47
T 47
T 47
T 47
T 47
T 47
T 47
T 47
T 11
T 47
T 47
T 47
T 47
T 47
T 47
T 47
T 47
T 47
T 47
T 47
T 47
T 47
T 47
T 47
T 12
T 47
T 47
T 47
T 47
T 47
T 47
T 47
T 47
T 47
T 47
T 47
T 47
T 13
T 47
T 47
T 47
T 14
T 47
T 47
T 47
T 47
T 47
T 47
T 47
T 47
T 47
T 47
T 47
T 47
T 47
T 47
T 47
T 15
T 7
T 11
T 47
T 47
T 13
T 47
T 15
T 47
T 47
T 14
T 47
T 7
T 47
T 47
T 47
T 47
T 47
T 47
T 47
T 11
T 8
T 47
T 47
T 47
T 47
T 47
T 16
T 47
T 12
T 15
T 13
T 47
T 16
T 8
T 47
T 11
T 12
T 15
T 16
T 8
T 47
T 47
T 15
T 47
T 47
T 47
T 7
T 10
T 11
T 16
T 47
T 12
T 47
T 47
T 7
T 47
T 15
T 13
T 11
T 47
T 14
T 47
T 17
T 12
T 15
T 47
T 11
T 16
T 47
T 10
T 7
T 13
T 17
T 47
T 47
T 18
T 16
T 47
T 47
T 47
T 47
T 11
T 47
T 47
T 12
T 8
T 15
T 18
T 7
T 47
T 17
T 47
T 16
T 8
T 13
T 12
T 15
T 16
T 14
T 18
T 47
T 10
T 13
T 16
T 8
T 14
T 47
T 47
T 47
T 7
T 47
T 17
T 47
T 19
T 47
T 47
T 47
T 47
T 10
T 18
T 8
T 11
T 47
T 47
T 12
T 16
T 47
T 47
T 14
T 47
T 47
T 15
T 18
T 47
T 47
T 7
T 47
T 12
T 20
T 47
T 19
T 47
T 16
T 47
T 14
T 47
T 21
T 47
T 10
T 47
T 8
T 47
T 47
T 47
T 20
T 47
T 47
T 18
T 19
T 21
T 13
T 47
T 17
T 47
T 11
T 16
T 8
T 10
T 47
T 14
T 47
T 12
T 17
T 11
T 47
T 47
T 18
T 21
T 7
T 47
T 8
T 22
T 12
T 20
T 17
T 47
T 16
T 47
T 10
T 14
T 19
T 47
T 17
T 47
T 21
T 16
T 7
T 8
T 15
T 14
T 47
T 10
T 18
T 22
T 47
T 47
T 11
T 19
T 47
T 47
T 47
T 15
T 47
T 13
T 47
T 47
T 7
T 12
T 21
T 18
T 47
T 16
T 47
T 10
T 47
T 7
T 19
T 12
T 20
T 15
T 47
T 14
T 23
T 47
T 17
T 11
T 16
T 22
T 47
T 8
T 13
T 47
T 15
T 47
T 18
T 47
T 23
T 10
T 7
T 13
T 17
T 22
T 14
T 23
T 10
T 18
T 47
T 13
T 16
T 8
T 47
T 15
T 47
T 24
T 25
T 26
T 47
T 20
T 15
T 47
T 13
T 27
T 47
T 14
T 47
T 17
T 47
T 22
T 47
T 7
T 47
T 21
T 11
T 25
T 10
T 18
T 12
T 47
T 13
T 47
T 8
T 25
T 47
T 7
T 47
T 47
T 28
T 12
T 20
T 15
T 16
T 18
T 17
T 47
T 27
T 24
T 22
T 14
T 23
T 47
T 7
T 17
T 11
T 28
T 8
T 47
T 25
T 15
T 29
T 47
T 14
T 17
T 19
T 47
T 7
T 47
T 18
T 47
T 28
T 47
T 22
T 12
T 20
T 47
T 19
T 23
T 17
T 11
T 28
T 47
T 20
T 47
T 47
T 18
T 24
T 47
T 7
T 30
T 47
T 47
T 8
T 29
T 47
T 22
T 47
T 14
T 17
T 11
T 28
T 47
T 7
T 47
T 25
T 19
T 20
T 47
T 16
T 47
T 21
T 17
T 11
T 28
T 13
T 8
T 22
T 14
T 21
T 47
T 25
T 20
T 47
T 10
T 47
T 28
T 47
T 19
T 47
T 24
T 7
T 16
T 29
T 27
T 47
T 8
T 13
T 47
T 14
T 10
T 18
T 12
T 7
T 47
T 31
T 47
T 14
T 21
T 47
T 30
T 8
T 22
T 23
T 28
T 19
T 27
T 17
T 11
T 47
T 12
T 20
T 47
T 16
T 28
T 27
T 17
T 11
T 47
T 25
T 18
T 47
T 16
T 31
T 8
T 14
T 23
T 19
[btreebench workload] zero_faults=25 swap_faults=2 evictions=0 page_reads=2 page_writes=0 resident_count=31 free_swap_slots=8184
RESULT footprint_pages=40
RESULT resident_margin=40
RESULT op_count=600
RESULT nodes_allocated=25
RESULT inserts=235
RESULT lookups=244
RESULT lookup_hits=20
RESULT scans=121
RESULT wal_enabled=1
RESULT cache_enabled=1
RESULT cache_size=8
RESULT cache_hits=1610
RESULT cache_misses=291
RESULT zero_faults=25
RESULT swap_faults=2
RESULT evictions=0
RESULT page_reads=2
RESULT page_writes=0

PASS
$ 
# RESULT PASS
QEMU: Terminated
