# CPUS=1 timeout=90.0
# commands=['btreebench 40 8 600 1 mixed 1']
qemu-system-riscv64 -machine virt -bios none -kernel kernel/kernel -m 128M -smp 1 -nographic -global virtio-mmio.force-legacy=false -drive file=fs.img,if=none,format=raw,id=x0 -device virtio-blk-device,drive=x0,bus=virtio-mmio-bus.0

xv6 kernel is booting

init: starting sh
$ 
# RUN btreebench 40 8 600 1 mixed 1
btreebench 40 8 600 1 mixed 1

== btreebench: setup ==

== btreebench: workload ==
TRACEHDR workload=btreebench params=see RESULT lines below for full parameters (footprint/margin/op_count/mix) seed=1 resident_limit=12 arena_cache_budget=8 policy=0 prefetch_enabled=0 arena_start_vpn=7 arena_pages=40
T 7
T 7
T 7
T 7
T 7
T 7
T 7
T 7
T 7
T 7
T 7
T 7
T 7
T 7
T 7
T 7
T 7
T 7
T 7
T 7
T 7
T 7
T 7
T 7
T 7
T 7
T 7
T 7
T 7
T 7
T 7
T 7
T 7
T 7
T 7
T 7
T 7
T 7
T 7
T 7
T 7
T 7
T 7
T 7
T 7
T 7
T 7
T 7
T 8
T 9
T 9
T 8
T 8
T 9
T 8
T 9
T 8
T 9
T 7
T 7
T 9
T 8
T 8
T 9
T 7
T 9
T 8
T 8
T 9
T 8
T 9
T 8
T 8
T 9
T 7
T 7
T 9
T 7
T 7
T 8
T 9
T 8
T 9
T 8
T 8
T 9
T 7
T 7
T 9
T 8
T 9
T 7
T 7
T 9
T 8
T 8
T 9
T 7
T 7
T 8
T 9
T 7
T 7
T 9
T 8
T 9
T 8
T 8
T 9
T 7
T 9
T 8
T 8
T 9
T 8
T 8
T 9
T 7
T 9
T 7
T 7
T 8
T 9
T 8
T 9
T 8
T 8
T 10
T 9
T 9
T 7
T 7
T 8
T 10
T 9
T 8
T 8
T 10
T 9
T 7
T 9
T 8
T 8
T 10
T 9
T 7
T 9
T 8
T 9
T 7
T 7
T 9
T 10
T 9
T 7
T 9
T 10
T 9
T 7
T 9
T 8
T 8
T 9
T 10
T 9
T 8
T 8
T 9
T 8
T 8
T 9
T 10
T 10
T 9
T 7
T 7
T 11
T 9
T 9
T 7
T 7
T 9
T 10
T 10
T 9
T 8
T 8
T 9
T 11
T 9
T 11
T 9
T 7
T 7
T 9
T 7
T 7
T 9
T 8
T 8
T 10
T 9
T 10
T 10
T 9
T 7
T 9
T 7
T 9
T 11
T 11
T 9
T 8
T 8
T 9
T 11
T 11
T 9
T 7
T 7
T 11
T 8
T 9
T 7
T 7
T 9
T 8
T 9
T 11
T 11
T 8
T 10
T 9
T 8
T 9
T 10
T 10
T 9
T 7
T 9
T 7
T 7
T 9
T 10
T 10
T 9
T 7
T 7
T 9
T 7
T 7
T 9
T 11
T 9
T 10
T 9
T 8
T 8
T 9
T 8
T 8
T 9
T 10
T 9
T 8
T 8
T 9
T 7
T 7
T 9
T 8
T 8
T 10
T 9
T 10
T 10
T 9
T 8
T 8
T 9
T 7
T 7
T 9
T 11
T 11
T 9
T 10
T 10
T 9
T 10
T 9
T 7
T 7
T 9
T 7
T 7
T 9
T 10
T 9
T 8
T 9
T 7
T 7
T 11
T 8
T 9
T 8
T 9
T 8
T 8
T 9
T 11
T 11
T 9
T 10
T 10
T 12
T 9
T 9
T 11
T 11
T 8
T 10
T 9
T 12
T 12
T 9
T 8
T 8
T 10
T 12
T 9
T 12
T 12
T 9
T 11
T 9
T 10
T 9
T 12
T 9
T 7
T 9
T 10
T 10
T 9
T 7
T 7
T 9
T 12
T 12
T 9
T 10
T 10
T 12
T 9
T 12
T 9
T 11
T 11
T 8
T 10
T 9
T 8
T 9
T 10
T 10
T 12
T 9
T 7
T 9
T 11
T 11
T 9
T 10
T 10
T 9
T 8
T 8
T 10
T 12
T 9
T 11
T 11
T 8
T 9
T 12
T 9
T 10
T 9
T 7
T 7
T 11
T 8
T 9
T 12
T 12
T 9
T 7
T 9
T 12
T 12
T 9
T 10
T 10
T 12
T 9
T 12
T 12
T 9
T 12
T 12
T 9
T 7
T 9
T 7
T 7
T 13
T 9
T 9
T 8
T 8
T 9
T 8
T 8
T 10
T 12
T 9
T 8
T 9
T 11
T 11
T 8
T 9
T 11
T 11
T 8
T 10
T 9
T 10
T 10
T 12
T 9
T 12
T 9
T 8
T 8
T 14
T 9
T 9
T 12
T 9
T 12
T 12
T 9
T 8
T 8
T 14
T 10
T 12
T 9
T 12
T 12
T 9
T 14
T 14
T 9
T 10
T 10
T 12
T 9
T 8
T 9
T 11
T 9
T 8
T 9
T 11
T 11
T 8
T 14
T 10
T 9
T 8
T 8
T 9
T 10
T 10
T 9
T 14
T 14
T 10
T 12
T 9
T 12
T 12
T 9
T 12
T 9
T 11
T 11
T 9
T 12
T 9
T 12
T 12
T 9
T 14
T 9
T 14
T 14
T 10
T 12
T 9
T 11
T 11
T 9
T 8
T 8
T 9
T 8
T 8
T 14
T 10
T 9
T 12
T 12
T 9
T 10
T 10
T 9
T 11
T 11
T 8
T 14
T 10
T 9
T 11
T 9
T 7
T 9
T 10
T 10
T 9
T 13
T 9
T 14
T 14
T 10
T 12
T 9
T 7
T 9
T 7
T 7
T 13
T 11
T 9
T 14
T 14
T 10
T 12
T 9
T 14
T 9
T 8
T 9
T 12
T 9
T 13
T 13
T 9
T 8
T 8
T 9
T 10
T 10
T 9
T 8
T 8
T 14
T 10
T 9
T 8
T 8
T 9
T 12
T 12
T 15
T 9
T 9
T 10
T 10
T 9
T 7
T 7
T 9
T 11
T 11
T 8
T 14
T 9
T 11
T 11
T 9
T 15
T 9
T 10
T 9
T 11
T 11
T 9
T 14
T 14
T 10
T 12
T 9
T 8
T 8
T 9
T 10
T 10
T 9
T 11
T 11
T 9
T 11
T 11
T 9
T 8
T 8
T 9
T 7
T 7
T 13
T 11
T 9
T 14
T 14
T 9
T 7
T 7
T 9
T 10
T 10
T 9
T 7
T 7
T 13
T 11
T 9
T 8
T 9
T 10
T 10
T 9
T 11
T 11
T 9
T 13
T 13
T 11
T 8
T 9
T 10
T 10
T 12
T 15
T 9
T 15
T 15
T 9
T 8
T 9
T 10
T 10
T 12
T 15
T 9
T 14
T 9
T 13
T 13
T 9
T 14
T 14
T 9
T 12
T 12
T 15
T 9
T 7
T 9
T 13
T 9
T 13
T 9
T 12
T 12
T 9
T 13
T 9
T 12
T 9
T 13
T 13
T 9
T 10
T 10
T 9
T 10
T 10
T 12
T 15
T 9
T 12
T 9
T 12
T 9
T 7
T 7
T 9
T 14
T 14
T 9
T 10
T 10
T 9
T 13
T 9
T 13
T 13
T 11
T 9
T 7
T 7
T 9
T 14
T 14
T 9
T 11
T 11
T 8
T 14
T 9
T 7
T 7
T 13
T 9
T 10
T 9
T 10
T 10
T 9
T 10
T 9
T 13
T 9
T 11
T 9
T 11
T 11
T 16
T 9
T 9
T 8
T 8
T 14
T 9
T 7
T 7
T 9
T 14
T 9
T 14
T 14
T 10
T 12
T 9
T 10
T 10
T 12
T 15
T 9
T 13
T 13
T 9
T 16
T 9
T 7
T 7
T 9
T 14
T 14
T 10
T 9
T 8
T 8
T 9
T 7
T 9
T 14
T 14
T 9
T 7
T 7
T 13
T 11
T 9
T 10
T 10
T 12
T 15
T 9
T 14
T 14
T 10
T 12
T 9
T 13
T 13
T 11
T 16
T 8
T 9
T 13
T 13
T 9
T 10
T 9
T 12
T 12
T 9
T 14
T 14
T 10
T 9
T 16
T 16
T 9
T 13
T 9
T 15
T 15
T 9
T 14
T 9
T 8
T 8
T 9
T 8
T 9
T 12
T 9
T 7
T 7
T 9
T 13
T 13
T 9
T 8
T 8
T 14
T 10
T 9
T 14
T 14
T 9
T 11
T 11
T 16
T 8
T 9
T 12
T 9
T 12
T 9
T 10
T 9
T 7
T 7
T 9
T 15
T 9
T 13
T 13
T 11
T 9
T 7
T 7
T 13
T 11
T 9
T 13
T 13
T 9
T 7
T 9
T 8
T 8
T 14
T 9
T 13
T 13
T 17
T 9
T 9
T 12
T 12
T 15
T 9
T 8
T 8
T 14
T 9
T 11
T 9
T 16
T 16
T 9
T 11
T 9
T 14
T 14
T 10
T 9
T 7
T 7
T 13
T 17
T 9
T 14
T 9
T 10
T 10
T 18
T 9
T 9
T 14
T 14
T 9
T 16
T 16
T 9
T 13
T 13
T 9
T 7
T 9
T 10
T 10
T 9
T 18
T 18
T 9
T 14
T 14
T 10
T 18
T 9
T 10
T 9
T 13
T 9
T 14
T 9
T 11
T 11
T 9
T 13
T 9
T 12
T 9
T 8
T 8
T 14
T 9
T 15
T 15
T 9
T 10
T 10
T 18
T 12
T 9
T 14
T 14
T 9
T 14
T 14
T 9
T 7
T 7
T 9
T 17
T 9
T 16
T 9
T 14
T 14
T 10
T 9
T 17
T 17
T 9
T 8
T 8
T 9
T 13
T 13
T 9
T 12
T 12
T 15
T 9
T 16
T 16
T 8
T 14
T 9
T 18
T 18
T 12
T 9
T 18
T 9
T 14
T 14
T 9
T 14
T 14
T 10
T 9
T 18
T 18
T 12
T 15
T 9
T 13
T 13
T 9
T 16
T 16
T 8
T 14
T 9
T 13
T 9
T 15
T 9
T 15
T 15
T 9
T 16
T 16
T 8
T 14
T 9
T 13
T 9
T 14
T 14
T 9
T 7
T 7
T 9
T 8
T 9
T 7
T 7
T 13
T 17
T 9
T 14
T 14
T 19
T 9
T 9
T 16
T 16
T 9
T 17
T 9
T 19
T 9
T 14
T 9
T 10
T 9
T 7
T 7
T 13
T 17
T 9
T 19
T 19
T 9
T 19
T 19
T 10
T 18
T 9
T 8
T 8
T 9
T 11
T 11
T 9
T 18
T 9
T 13
T 13
T 9
T 8
T 8
T 9
T 12
T 9
T 16
T 16
T 9
T 10
T 9
T 14
T 9
T 14
T 14
T 9
T 13
T 9
T 16
T 16
T 9
T 8
T 8
T 9
T 15
T 9
T 18
T 18
T 9
T 10
T 9
T 7
T 9
T 12
T 12
T 20
T 9
T 9
T 19
T 9
T 16
T 9
T 14
T 9
T 7
T 7
T 21
T 9
T 9
T 19
T 9
T 19
T 19
T 10
T 9
T 8
T 9
T 16
T 9
T 10
T 9
T 7
T 9
T 14
T 14
T 9
T 20
T 20
T 9
T 16
T 9
T 18
T 9
T 18
T 18
T 9
T 14
T 14
T 19
T 9
T 7
T 7
T 21
T 13
T 9
T 17
T 9
T 11
T 9
T 11
T 11
T 16
T 8
T 9
T 13
T 13
T 9
T 8
T 8
T 9
T 10
T 10
T 9
T 14
T 9
T 14
T 9
T 12
T 12
T 9
T 13
T 13
T 17
T 11
T 9
T 17
T 17
T 9
T 14
T 9
T 18
T 9
T 14
T 14
T 9
T 21
T 21
T 9
T 7
T 7
T 9
T 8
T 8
T 22
T 9
T 9
T 18
T 18
T 12
T 20
T 9
T 17
T 17
T 9
T 16
T 9
T 12
T 9
T 16
T 16
T 9
T 10
T 10
T 18
T 12
T 9
T 22
T 22
T 14
T 19
T 9
T 17
T 9
T 21
T 9
T 17
T 17
T 9
T 16
T 16
T 9
T 7
T 7
T 9
T 8
T 8
T 9
T 15
T 15
T 9
T 8
T 8
T 9
T 14
T 14
T 9
T 14
T 14
T 9
T 16
T 9
T 10
T 10
T 9
T 18
T 18
T 9
T 22
T 22
T 9
T 18
T 9
T 18
T 18
T 9
T 11
T 9
T 14
T 14
T 19
T 9
T 14
T 9
T 11
T 9
T 15
T 9
T 11
T 11
T 9
T 13
T 9
T 15
T 15
T 9
T 11
T 9
T 7
T 9
T 13
T 13
T 9
T 14
T 14
T 9
T 12
T 12
T 9
T 15
T 15
T 9
T 21
T 21
T 9
T 18
T 18
T 9
T 14
T 9
T 16
T 16
T 9
T 10
T 9
T 18
T 18
T 9
T 7
T 9
T 19
T 19
T 9
T 12
T 12
T 20
T 15
T 9
T 14
T 14
T 23
T 9
T 9
T 12
T 9
T 17
T 17
T 11
T 16
T 9
T 22
T 22
T 9
T 8
T 9
T 8
T 8
T 9
T 13
T 13
T 17
T 11
T 9
T 15
T 9
T 18
T 9
T 8
T 9
T 23
T 23
T 9
T 18
T 18
T 9
T 8
T 8
T 9
T 10
T 10
T 9
T 7
T 7
T 9
T 8
T 8
T 9
T 13
T 13
T 9
T 17
T 17
T 9
T 8
T 8
T 22
T 14
T 23
T 9
T 10
T 10
T 18
T 9
T 13
T 9
T 16
T 16
T 8
T 9
T 18
T 18
T 9
T 15
T 9
T 16
T 16
T 24
T 9
T 9
T 25
T 26
T 26
T 9
T 8
T 8
T 26
T 9
T 24
T 26
T 25
T 18
T 18
T 26
T 25
T 20
T 20
T 15
T 26
T 9
T 13
T 13
T 27
T 9
T 26
T 9
T 13
T 26
T 25
T 14
T 14
T 26
T 9
T 27
T 27
T 26
T 25
T 15
T 26
T 9
T 13
T 13
T 27
T 17
T 26
T 9
T 22
T 26
T 9
T 7
T 26
T 9
T 21
T 26
T 9
T 7
T 7
T 26
T 9
T 11
T 11
T 26
T 25
T 10
T 10
T 18
T 12
T 26
T 9
T 13
T 26
T 9
T 11
T 26
T 9
T 8
T 8
T 26
T 25
T 18
T 18
T 26
T 9
T 7
T 26
T 9
T 13
T 26
T 9
T 11
T 11
T 28
T 9
T 26
T 25
T 12
T 12
T 20
T 15
T 26
T 9
T 16
T 16
T 26
T 25
T 18
T 18
T 26
T 9
T 17
T 17
T 26
T 9
T 27
T 26
T 9
T 24
T 24
T 26
T 9
T 22
T 22
T 14
T 23
T 26
T 9
T 7
T 26
T 9
T 24
T 24
T 26
T 9
T 17
T 17
T 11
T 28
T 26
T 9
T 8
T 8
T 26
T 25
T 15
T 15
T 29
T 25
T 26
T 25
T 14
T 26
T 9
T 17
T 17
T 26
T 25
T 19
T 19
T 26
T 9
T 7
T 26
T 25
T 18
T 26
T 9
T 28
T 26
T 9
T 22
T 26
T 25
T 18
T 18
T 12
T 20
T 26
T 9
T 22
T 26
T 25
T 12
T 12
T 26
T 25
T 19
T 19
T 26
T 25
T 23
T 23
T 26
T 9
T 17
T 17
T 11
T 28
T 26
T 25
T 20
T 26
T 9
T 28
T 26
T 25
T 18
T 26
T 9
T 24
T 24
T 26
T 25
T 18
T 18
T 26
T 9
T 7
T 7
T 30
T 9
T 26
T 25
T 18
T 26
T 9
T 8
T 26
T 25
T 29
T 29
T 26
T 9
T 7
T 26
T 9
T 22
T 22
T 26
T 9
T 8
T 26
T 9
T 8
T 8
T 22
T 14
T 26
T 9
T 17
T 17
T 11
T 28
T 26
T 9
T 7
T 26
T 25
T 19
T 26
T 25
T 19
T 19
T 26
T 25
T 20
T 20
T 26
T 9
T 16
T 26
T 9
T 21
T 26
T 9
T 17
T 17
T 11
T 28
T 26
T 9
T 13
T 13
T 26
T 9
T 8
T 8
T 22
T 14
T 26
T 9
T 21
T 21
T 26
T 25
T 20
T 26
T 25
T 10
T 26
T 9
T 28
T 26
T 25
T 10
T 26
T 25
T 19
T 19
T 26
T 9
T 24
T 26
T 9
T 7
T 7
T 26
T 9
T 16
T 16
T 26
T 25
T 29
T 29
T 26
T 9
T 27
T 27
T 26
T 9
T 7
T 26
T 9
T 8
T 8
T 26
T 25
T 29
T 29
T 26
T 9
T 13
T 13
T 26
T 25
T 14
T 26
T 25
T 10
T 10
T 18
T 12
T 26
T 9
T 7
T 7
T 26
T 25
T 18
T 18
T 31
T 25
T 26
T 9
T 7
T 26
T 25
T 14
T 14
T 26
T 9
T 21
T 21
T 26
T 9
T 30
T 26
T 9
T 8
T 8
T 22
T 14
T 26
T 25
T 23
T 23
T 26
T 9
T 28
T 28
T 26
T 25
T 19
T 19
T 26
T 9
T 27
T 27
T 17
T 11
T 26
T 25
T 12
T 26
T 25
T 20
T 20
T 26
T 9
T 16
T 26
T 9
T 28
T 28
T 26
T 9
T 27
T 27
T 17
T 11
T 28
T 26
T 25
T 18
T 26
T 9
T 16
T 26
T 25
T 31
T 31
T 26
T 9
T 8
T 8
T 26
T 25
T 14
T 14
T 23
T 19
[btreebench workload] zero_faults=24 swap_faults=656 evictions=672 page_reads=656 page_writes=232 resident_count=12 free_swap_slots=8160
RESULT footprint_pages=40
RESULT resident_margin=8
RESULT op_count=600
RESULT nodes_allocated=25
RESULT inserts=235
RESULT lookups=244
RESULT lookup_hits=20
RESULT scans=121
RESULT wal_enabled=0
RESULT cache_enabled=0
RESULT cache_size=8
RESULT cache_hits=0
RESULT cache_misses=0
RESULT zero_faults=24
RESULT swap_faults=656
RESULT evictions=672
RESULT page_reads=656
RESULT page_writes=232

PASS
$ 
# RESULT PASS
QEMU: Terminated
